// Jest Snapshot v1, https://goo.gl/fbAQLP

exports[`renders correctly 1`] = `
<div
  class="container-fluid"
>
  <div
    class="content container"
  >
    <br />
     
    <p />
    <form
      class="formWrapper"
    >
      <div
        class="row"
      >
        <span
          class="questions"
        >
          Please tell us about your over-the-counter medication or herbal supplement and how you take it.
        </span>
        <p />
      </div>
      <div
        class="row"
      >
        <div
          class="formLabel col-6"
        >
          <span
            class="inputLabel"
          >
            Medicine Name
          </span>
          <div
            class="inputTextWrapper"
          >
            <input
              autofocus=""
              class="inputTextCenter"
              name="medicine"
              placeholder="For example: Advil"
              textalign="center"
              type="text"
              value="ASPIRIN"
            />
          </div>
        </div>
        <div
          class="formLabel col-6"
        >
          <span
            class="inputLabel"
          >
            Dosage Strength
          </span>
          <div
            class="textWrapper"
          >
            <input
              class="inputTextCenter"
              name="dose"
              placeholder="For example: 200mg"
              textalign="center"
              type="text"
              value="200"
            />
          </div>
        </div>
      </div>
      <br />
      <br />
      <div
        class="row"
      >
        <div
          class="formLabel col"
        >
          <span
            class="inputLabel"
          >
            Describe how you take this medicine
          </span>
          <div
            class="inputWrapper"
          >
            <input
              class="inputTextCenter"
              name="dosage"
              placeholder="I take 1 to 2 tablets every 4 to 6 hours as needed"
              textalign="center"
              type="text"
              value="ASPIRIN"
            />
          </div>
        </div>
      </div>
      <br />
      <p>
        <button
          class="button btn btn-secondary"
          type="submit"
        >
          <b>
              NEXT 
          </b>
        </button>
      </p>
    </form>
  </div>
  <div
    class="footerWrapper container"
  >
    <div>
      <div
        class="wrapper"
      >
        <div
          class="stepCompleted"
        >
          Account
          <br />
          Setup
          <div
            class="stepNumberActive"
          >
            1
          </div>
        </div>
        <div
          class="stepCompleted"
        >
          Medication
          <br />
          Review
          <div
            class="stepNumberActive"
          >
            2
          </div>
        </div>
        <div
          class="stepActive"
        >
          Additional 
          <br />
          Medications
          <div
            class="stepNumberActive"
          >
            3
          </div>
        </div>
        <div
          class="step"
        >
          Health
          <br />
          Updates
          <div
            class="stepNumber"
          >
            4
          </div>
        </div>
        <div
          class="step"
        >
          Set
          <br />
          Appointment
          <div
            class="stepNumber"
          >
            5
          </div>
        </div>
      </div>
    </div>
  </div>
</div>
`;
