// Jest Snapshot v1, https://goo.gl/fbAQLP

exports[`renders correctly 1`] = `
<div
  class="container-fluid"
>
  <div
    class="content container"
  >
    <span
      class="heading1"
    >
      EFFEXOR XR 75MG
    </span>
    <p />
    <p />
    <span
      class="questions"
    >
      Please tell us how you are taking this medication.
    </span>
    <p />
     
    <br />
    <form
      class="formWrapper"
    >
      <div>
        <div
          class="row"
        >
          <div
            class="col"
          >
            <div
              class="inputDescTextWrapper"
            >
              <input
                autofocus=""
                class="inputTextCenter"
                name="description"
                placeholder="I take 1-2 tablets every 4-6 hours as needed for pain"
                textalign="center"
                type="text"
                value=""
              />
            </div>
          </div>
        </div>
      </div>
      <br />
      <br />
      <button
        class="button btn btn-secondary"
        type="submit"
      >
        <b>
          NEXT
        </b>
      </button>
    </form>
  </div>
  <div
    class="footerWrapper container"
  >
    <div>
      <div
        class="wrapper"
      >
        <div
          class="stepCompleted"
        >
          Account
          <br />
          Setup
          <div
            class="stepNumberActive"
          >
            1
          </div>
        </div>
        <div
          class="stepActive"
        >
          Medication
          <br />
          Review
          <div
            class="stepNumberActive"
          >
            2
          </div>
        </div>
        <div
          class="step"
        >
          Additional 
          <br />
          Medications
          <div
            class="stepNumber"
          >
            3
          </div>
        </div>
        <div
          class="step"
        >
          Health
          <br />
          Updates
          <div
            class="stepNumber"
          >
            4
          </div>
        </div>
        <div
          class="step"
        >
          Set
          <br />
          Appointment
          <div
            class="stepNumber"
          >
            5
          </div>
        </div>
      </div>
    </div>
  </div>
</div>
`;
